<html>
<body>
<pre>
<h1>µVision Build Log</h1>
<h2>Project:</h2>
C:\Users\HARSHA S K\Desktop\mca lab test\q1\q1.uvproj
Project File Date:  12/30/2021

<h2>Output:</h2>
Rebuild target 'Target 1'
assembling Startup.s...
compiling QUESTION1.c...
QUESTION1.c(3): warning:  #1295-D: Deprecated declaration pll - give arg types
  void pll();
QUESTION1.c(48): warning:  #1-D: last line of file ends without a newline
  }
QUESTION1.c: 2 warnings, 0 errors
linking...
Program Size: Code=748 RO-data=16 RW-data=0 ZI-data=1256  
FromELF: creating hex file...
".\QUESTION1.axf" - 0 Error(s), 2 Warning(s).

Target not created
