<html>
<body>
<pre>
<h1>µVision Build Log</h1>
<h2>Project:</h2>
C:\Users\HARSHA S K\Desktop\mca lab test\q2\q2.uvproj
Project File Date:  12/30/2021

<h2>Output:</h2>
Build target 'Target 1'
compiling Q2.c...
Q2.c(22): warning:  #1-D: last line of file ends without a newline
  }
Q2.c: 1 warning, 0 errors
linking...
Program Size: Code=832 RO-data=72 RW-data=4 ZI-data=1260  
FromELF: creating hex file...
".\q2.axf" - 0 Error(s), 1 Warning(s).
</pre>
</body>
</html>
r:  #42: operand types are incompatible ("int *" and "int")
        for(a=1;a<=60000;a++);
Q2.c(6): error:  #137: expression must be a modifiable lvalue
        for(a=1;a<=60000;a++);
Q2.c(22): warning:  #1-D: last line of file ends without a newline
  }
Q2.c: 1 warning, 4 errors
".\q2.axf" - 4 Error(s), 1 Warning(s).
Target not created
